// Jest Snapshot v1, https://goo.gl/fbAQLP

exports[`tag component tests Tag (only) renders correctly 1`] = `
<DocumentFragment>
  <span
    class="css-1qm7lvz"
  >
    A
  </span>
</DocumentFragment>
`;
